// Jest Snapshot v1, https://goo.gl/fbAQLP

exports[`matches title snapshot 1`] = `
<div>
  <span
    data-testid="title"
  >
    test
  </span>
</div>
`;
